<!DOCTYPE html><html><head><meta http-equiv="Content-Type" content="text/html; charset=utf-8"><meta http-equiv="Content-Type" content="text/html; charset=UTF-8" /><meta http-equiv="Content-Script-Type" content="text/javascript" /><meta http-equiv="Content-Style-Type" content="text/css" /><meta name="ROBOTS" content="NOINDEX, NOFOLLOW" /><title>W3C CSS Validator results for glicer.css (CSS level 3)</title><link href="http://jigsaw.w3.org/css-validator/" rel="validator" /><link type="text/css" rel="stylesheet" href="style/base.css" /><link type="text/css" rel="stylesheet" href="style/results.css" /><style type="text/css" media="all">@import url("http://jigsaw.w3.org/css-validator/style/base.css");@import url("http://jigsaw.w3.org/css-validator/style/results.css");</style></head><body><h2>test1/css/glicer.css</h2>
   <h2>W3C CSS Validator results for glicer.css (CSS level 3)</h2>
            <!-- NO ERRORS -->
        <div id="congrats">
            <h3>Congratulations! No Error Found.</h3>
            <p>
                This document validates as <a href="http://www.w3.org/Style/CSS/current-work.html">CSS level 3</a> ! 
            </p>
            <p>
                To show your readers that you've taken the care to create an interoperable Web page, you may display this icon on any page that validates. Here is the XHTML you could use to add this icon to your Web page:
            </p>
            <img class="inline-badge" style="border:0;width:88px;height:31px" src="images/vcss" alt="Valid CSS!" /><pre class="example badgeSnippet">
&lt;p&gt;
    &lt;a href="http://jigsaw.w3.org/css-validator/check/referer"&gt;
        &lt;img style="border:0;width:88px;height:31px"
            src="http://jigsaw.w3.org/css-validator/images/vcss"
            alt="Valid CSS!" /&gt;
    &lt;/a&gt;
&lt;/p&gt;
            </pre>
        <img class="inline-badge" style="border:0;width:88px;height:31px" src="images/vcss-blue" alt="Valid CSS!" /><pre class="example badgeSnippet">
&lt;p&gt;
&lt;a href="http://jigsaw.w3.org/css-validator/check/referer"&gt;
    &lt;img style="border:0;width:88px;height:31px"
        src="http://jigsaw.w3.org/css-validator/images/vcss-blue"
        alt="Valid CSS!" /&gt;
    &lt;/a&gt;
&lt;/p&gt;
        </pre>
            <p>(close the img tag with &gt; instead of /&gt; if using HTML &lt;= 4.01)</p>
            
<div id="w3c-include"><script type="text/javascript" src="//www.w3.org/QA/Tools/w3c-include.js"></script></div>
            
            <p>
                If you like, you can download a copy of this image to keep in your local web directory, and change the XHTML fragment above to reference your local image rather than the one on this server.
            </p>
                        <p>
                If you would like to create a link to this page (i.e., this validation result) to make it easier to re-validate this page in the future or to allow others to validate your page, the URI is:
            </p>
<pre>http://jigsaw.w3.org/css-validator/validator$link
or
http://jigsaw.w3.org/css-validator/check/referer (for HTML/XML document only)
</pre>
            <p>(Or, you can just add the current page to your bookmarks or hotlist.)</p>
        
        </div>
        <p class="backtop"><a href="#banner">â†‘ Top</a></p>
    

        <div id="css">
            <h3>Valid CSS information</h3>
            <div class="vAtRule">
    
                                <div>
                                <div class="selector">
                                                        <span class="selectorValue">
                                html
                            </span>
                            {
                                                        <div class="RuleList">
                                            <div class="Rule">
                                    <span class="Property">font-size</span> :
                                    <span class="PropertyValue">100%</span>;
                                </div>
                                        </div>
                                                        }
                                                    </div>
                                <div class="selector">
                                                        <span class="selectorValue">
                                body
                            </span>
                            {
                                                        <div class="RuleList">
                                            <div class="Rule">
                                    <span class="Property">height</span> :
                                    <span class="PropertyValue">100%</span>;
                                </div>
                                            <div class="Rule">
                                    <span class="Property">padding-top</span> :
                                    <span class="PropertyValue">80px</span>;
                                </div>
                                            <div class="Rule">
                                    <span class="Property">padding-bottom</span> :
                                    <span class="PropertyValue">40px</span>;
                                </div>
                                            <div class="Rule">
                                    <span class="Property">font-family</span> :
                                    <span class="PropertyValue">"Verdana", Arial, serif</span>;
                                </div>
                                            <div class="Rule">
                                    <span class="Property">font-size</span> :
                                    <span class="PropertyValue">1em</span>;
                                </div>
                                        </div>
                                                        }
                                                    </div>
                                <div class="selector">
                                                        <span class="selectorValue">
                                .container
                            </span>
                            {
                                                        <div class="RuleList">
                                            <div class="Rule">
                                    <span class="Property">margin-right</span> :
                                    <span class="PropertyValue">auto</span>;
                                </div>
                                            <div class="Rule">
                                    <span class="Property">margin-left</span> :
                                    <span class="PropertyValue">auto</span>;
                                </div>
                                            <div class="Rule">
                                    <span class="Property">padding-left</span> :
                                    <span class="PropertyValue">15px</span>;
                                </div>
                                            <div class="Rule">
                                    <span class="Property">padding-right</span> :
                                    <span class="PropertyValue">15px</span>;
                                </div>
                                        </div>
                                                        }
                                                    </div>
                                <div class="selector">
                                                        <span class="selectorValue">
                                .error
                            </span>
                            {
                                                        <div class="RuleList">
                                            <div class="Rule">
                                    <span class="Property">background-color</span> :
                                    <span class="PropertyValue">rgba(237, 236, 233, 1)</span>;
                                </div>
                                        </div>
                                                        }
                                                    </div>
                                <div class="selector">
                                                        <span class="selectorValue">
                                .text-danger
                            </span>
                            {
                                                        <div class="RuleList">
                                            <div class="Rule">
                                    <span class="Property">color</span> :
                                    <span class="PropertyValue">#a94442</span>;
                                </div>
                                        </div>
                                                        }
                                                    </div>
                                <div class="selector">
                                                        <span class="selectorValue">
                                a
                            </span>
                            {
                                                        <div class="RuleList">
                                            <div class="Rule">
                                    <span class="Property">color</span> :
                                    <span class="PropertyValue">#555</span>;
                                </div>
                                            <div class="Rule">
                                    <span class="Property">text-decoration</span> :
                                    <span class="PropertyValue">none</span>;
                                </div>
                                        </div>
                                                        }
                                                    </div>
                                <div class="selector">
                                                        <span class="selectorValue">
                                a.text-danger:hover
                            </span>
                            {
                                                        <div class="RuleList">
                                            <div class="Rule">
                                    <span class="Property">color</span> :
                                    <span class="PropertyValue">#843534</span>;
                                </div>
                                        </div>
                                                        }
                                                    </div>
                                <div class="selector">
                                                        <span class="selectorValue">
                                a:focus, a:hover
                            </span>
                            {
                                                        <div class="RuleList">
                                            <div class="Rule">
                                    <span class="Property">color</span> :
                                    <span class="PropertyValue">#222</span>;
                                </div>
                                            <div class="Rule">
                                    <span class="Property">text-decoration</span> :
                                    <span class="PropertyValue">none</span>;
                                </div>
                                        </div>
                                                        }
                                                    </div>
                                <div class="selector">
                                                        <span class="selectorValue">
                                a:active, a:hover
                            </span>
                            {
                                                        <div class="RuleList">
                                            <div class="Rule">
                                    <span class="Property">outline</span> :
                                    <span class="PropertyValue">0</span>;
                                </div>
                                        </div>
                                                        }
                                                    </div>
                            </div>
                    	                    <div class="atRule">
                    <span class="atSelector">
                        @media  (min-width:1200px)
                    </span>
                    {
                                        <div>
                                <div class="selector">
                                                        <span class="selectorValue">
                                .container
                            </span>
                            {
                                                        <div class="RuleList">
                                            <div class="Rule">
                                    <span class="Property">width</span> :
                                    <span class="PropertyValue">1170px</span>;
                                </div>
                                        </div>
                                                        }
                                                    </div>
                            </div>
                                        }
                            </div>
                                        <div>
                            </div>
                        </div>
        </div>
        <p class="backtop"><a href="#banner">â†‘ Top</a></p>
</body></html>