<!DOCTYPE html><html><head><meta http-equiv="Content-Type" content="text/html; charset=UTF-8" /><meta http-equiv="Content-Script-Type" content="text/javascript" /><meta http-equiv="Content-Style-Type" content="text/css" /><meta name="ROBOTS" content="NOINDEX, NOFOLLOW" /><title>W3C CSS Validator results for glicer.css (CSS level 3)</title><link href="http://jigsaw.w3.org/css-validator/" rel="validator" /><link type="text/css" rel="stylesheet" href="style/base.css" /><link type="text/css" rel="stylesheet" href="style/results.css" /><style type="text/css" media="all">@import url("http://jigsaw.w3.org/css-validator/style/base.css");@import url("http://jigsaw.w3.org/css-validator/style/results.css");</style></head><body><h2></h2>
   <h2>W3C CSS Validator results for glicer.css (CSS level 3)</h2>
    
        <!-- DEALING WITH ERRORS -->
        
        <div id="errors">
            <h3>Sorry! We found the following errors (1)</h3>
                    <div class="error-section-all">
                                                                                                    <div class="error-section">
		                    <h4>URI : glicer.css</h4>
		                    <table><tr class="error"><td class="linenumber" title="Line 33">33</td>
                            <td class="nocontext">  </td>
                            <td class="invalidparam">
                                            Unknown pseudo-element or pseudo-class :hovers
                                        </td>
                        </tr></table></div>
                    </div>
        </div>
        <p class="backtop"><a href="#banner">â†‘ Top</a></p>
      <div id="w3c-include"><script type="text/javascript" src="//www.w3.org/QA/Tools/w3c-include.js"></script></div>


        <div id="css">
            <h3>Valid CSS information</h3>
            <div class="vAtRule">
    
                                <div>
                                <div class="selector">
                                                        <span class="selectorValue">
                                html
                            </span>
                            {
                                                        <div class="RuleList">
                                            <div class="Rule">
                                    <span class="Property">font-size</span> :
                                    <span class="PropertyValue">100%</span>;
                                </div>
                                        </div>
                                                        }
                                                    </div>
                                <div class="selector">
                                                        <span class="selectorValue">
                                body
                            </span>
                            {
                                                        <div class="RuleList">
                                            <div class="Rule">
                                    <span class="Property">height</span> :
                                    <span class="PropertyValue">100%</span>;
                                </div>
                                            <div class="Rule">
                                    <span class="Property">padding-top</span> :
                                    <span class="PropertyValue">80px</span>;
                                </div>
                                            <div class="Rule">
                                    <span class="Property">padding-bottom</span> :
                                    <span class="PropertyValue">40px</span>;
                                </div>
                                            <div class="Rule">
                                    <span class="Property">font-family</span> :
                                    <span class="PropertyValue">"Verdana", Arial, serif</span>;
                                </div>
                                            <div class="Rule">
                                    <span class="Property">font-size</span> :
                                    <span class="PropertyValue">1em</span>;
                                </div>
                                        </div>
                                                        }
                                                    </div>
                                <div class="selector">
                                                        <span class="selectorValue">
                                .container
                            </span>
                            {
                                                        <div class="RuleList">
                                            <div class="Rule">
                                    <span class="Property">margin-right</span> :
                                    <span class="PropertyValue">auto</span>;
                                </div>
                                            <div class="Rule">
                                    <span class="Property">margin-left</span> :
                                    <span class="PropertyValue">auto</span>;
                                </div>
                                            <div class="Rule">
                                    <span class="Property">padding-left</span> :
                                    <span class="PropertyValue">15px</span>;
                                </div>
                                            <div class="Rule">
                                    <span class="Property">padding-right</span> :
                                    <span class="PropertyValue">15px</span>;
                                </div>
                                        </div>
                                                        }
                                                    </div>
                                <div class="selector">
                                                        <span class="selectorValue">
                                .error
                            </span>
                            {
                                                        <div class="RuleList">
                                            <div class="Rule">
                                    <span class="Property">background-color</span> :
                                    <span class="PropertyValue">rgba(237, 236, 233, 1)</span>;
                                </div>
                                        </div>
                                                        }
                                                    </div>
                                <div class="selector">
                                                        <span class="selectorValue">
                                .text-danger
                            </span>
                            {
                                                        <div class="RuleList">
                                            <div class="Rule">
                                    <span class="Property">color</span> :
                                    <span class="PropertyValue">#a94442</span>;
                                </div>
                                        </div>
                                                        }
                                                    </div>
                                <div class="selector">
                                                        <span class="selectorValue">
                                a
                            </span>
                            {
                                                        <div class="RuleList">
                                            <div class="Rule">
                                    <span class="Property">color</span> :
                                    <span class="PropertyValue">#555</span>;
                                </div>
                                            <div class="Rule">
                                    <span class="Property">text-decoration</span> :
                                    <span class="PropertyValue">none</span>;
                                </div>
                                        </div>
                                                        }
                                                    </div>
                                <div class="selector">
                                                        <span class="selectorValue">
                                a:focus, a:hover
                            </span>
                            {
                                                        <div class="RuleList">
                                            <div class="Rule">
                                    <span class="Property">color</span> :
                                    <span class="PropertyValue">#222</span>;
                                </div>
                                            <div class="Rule">
                                    <span class="Property">text-decoration</span> :
                                    <span class="PropertyValue">none</span>;
                                </div>
                                        </div>
                                                        }
                                                    </div>
                                <div class="selector">
                                                        <span class="selectorValue">
                                a:active, a:hover
                            </span>
                            {
                                                        <div class="RuleList">
                                            <div class="Rule">
                                    <span class="Property">outline</span> :
                                    <span class="PropertyValue">0</span>;
                                </div>
                                        </div>
                                                        }
                                                    </div>
                            </div>
                    	                    <div class="atRule">
                    <span class="atSelector">
                        @media  (min-width:1200px)
                    </span>
                    {
                                        <div>
                                <div class="selector">
                                                        <span class="selectorValue">
                                .container
                            </span>
                            {
                                                        <div class="RuleList">
                                            <div class="Rule">
                                    <span class="Property">width</span> :
                                    <span class="PropertyValue">1170px</span>;
                                </div>
                                        </div>
                                                        }
                                                    </div>
                            </div>
                                        }
                            </div>
                                        <div>
                            </div>
                        </div>
        </div>
        <p class="backtop"><a href="#banner">â†‘ Top</a></p>
</body></html>