<!DOCTYPE html><html><head><meta http-equiv="Content-Type" content="text/html; charset=utf-8"><link href="icon.png" rel="icon"/><link href="style.css" rel="stylesheet"/><title>Showing results for uploaded file index.html - Nu Html Checker</title><meta name="viewport" content="width=device-width, initial-scale=1"/><style type="text/css" media="all">@import url("https://validator.w3.org/nu/style.css");</style></head><body><h2>test2\index.html</h2><ol><li class="info"><p><strong>Info</strong>: <span>The Content-Type was <code>text/html</code>. Using the HTML parser.</span></p></li><li class="info"><p><strong>Info</strong>: <span>Using the schema for HTML with SVG 1.1, MathML 3.0, RDFa 1.1, and ITS 2.0 support.</span></p></li><li class="error"><p><strong>Error</strong>: <span>End tag for  <code>body</code> seen, but there were unclosed elements.</span></p><p class="location">From line <span class="first-line">10</span>, column <span class="first-col">1</span>; to line <span class="last-line">10</span>, column <span class="last-col">7</span></p><p class="extract"><code>      Bad<span class="lf" title="Line break">↩</span><b>&lt;/body&gt;</b><span class="lf" title="Line break">↩</span>&lt;/htm</code></p></li><li class="error"><p><strong>Error</strong>: <span>Unclosed element <code>div</code>.</span></p><p class="location">From line <span class="first-line">8</span>, column <span class="first-col">5</span>; to line <span class="last-line">8</span>, column <span class="last-col">9</span></p><p class="extract"><code>body&gt;<span class="lf" title="Line break">↩</span>    <b>&lt;div&gt;</b><span class="lf" title="Line break">↩</span>     </code></p></li></ol><p class="failure">There were errors.</p></body></html>