<!DOCTYPE html><html><head><meta http-equiv="Content-Type" content="text/html; charset=utf-8"><link href="icon.png" rel="icon"/><link href="style.css" rel="stylesheet"/><title>Showing results for index.html - Nu Html Checker</title><meta name="viewport" content="width=device-width, initial-scale=1"/><style type="text/css" media="all">@import url("https://validator.w3.org/nu/style.css");</style></head><body><h2>test1/index.html</h2><p class="success">The document validates according to the specified schema(s).</p><div class="details"><p class="msgschema">Used the schema for HTML with SVG 1.1, MathML 3.0, RDFa 1.1, and ITS 2.0 support.</p><p class="msgmediatype">The Content-Type header specified text/html. Used the HTML parser.</p></div></body></html>